// Jest Snapshot v1, https://goo.gl/fbAQLP

exports[`Shows the not found page message for a wrong movie page 1`] = `
<div
  className="not-found-container"
>
  <h1>
    Page Not Found
  </h1>
  <h2>
    404
  </h2>
  <button
    className="btn-confirm"
    type="button"
  >
    <a
      href="/"
      onClick={[Function]}
    >
      GO BACK TO HOME
    </a>
  </button>
</div>
`;
